<html>
<body>
<pre>
<h1>µVision Build Log</h1>
<h2>Tool Versions:</h2>
IDE-Version: µVision V5.25.2.0
Copyright (C) 2018 ARM Ltd and ARM Germany GmbH. All rights reserved.
License Information: John nonphala, Surnaree university of technology, LIC=----
 
Tool Versions:
Toolchain:       MDK-Lite  Version: 5.25.2.0
Toolchain Path:  C:\Keil_v5\ARM\ARMCC\Bin
C Compiler:      Armcc.exe V5.06 update 6 (build 750)
Assembler:       Armasm.exe V5.06 update 6 (build 750)
Linker/Locator:  ArmLink.exe V5.06 update 6 (build 750)
Library Manager: ArmAr.exe V5.06 update 6 (build 750)
Hex Converter:   FromElf.exe V5.06 update 6 (build 750)
CPU DLL:         SARMCM3.DLL V5.25.2.0
Dialog DLL:      DARMSTM.DLL V1.68.0.0
Target DLL:      UL2CM3.DLL V1.160.12.0
Dialog DLL:      TARMSTM.DLL V1.66.0.0
 
<h2>Project:</h2>
D:\BELL_LAB\MainB-1\V5\ADC+DMA\MDK-ARM\Project.uvproj
Project File Date:  07/19/2018

<h2>Output:</h2>
*** Using Compiler 'V5.06 update 6 (build 750)', folder: 'C:\Keil_v5\ARM\ARMCC\Bin'
Build target 'Multi Media Development Board V1.0'
compiling main.c...
..\MDK-ARM\ch376M.h(1): warning:  #1-D: last line of file ends without a newline
  void printfGG();
..\MDK-ARM\ch376M.h(1): warning:  #1295-D: Deprecated declaration printfGG - give arg types
  void printfGG();
..\USER\main.c(279): warning:  #1295-D: Deprecated declaration newline - give arg types
  void newline();
..\USER\main.c(287): warning:  #1295-D: Deprecated declaration endrightstring - give arg types
  void *endrightstring();    // case 3
..\USER\main.c(288): warning:  #1295-D: Deprecated declaration midrightstring - give arg types
  void *midrightstring();      // case 3.1
..\USER\main.c(289): warning:  #1295-D: Deprecated declaration endleftstring - give arg types
  void *endleftstring();  // case 4
..\USER\main.c(290): warning:  #1295-D: Deprecated declaration midleftstring - give arg types
  void *midleftstring();  // case 4.1
..\USER\main.c(293): warning:  #1295-D: Deprecated declaration Enddisplay - give arg types
  void *Enddisplay();   // check cursor == 40 or strlen(str_rom) == 40
..\USER\main.c(296): warning:  #1295-D: Deprecated declaration printall - give arg types
  void printall();
..\USER\main.c(484): warning:  #1295-D: Deprecated declaration exitOncePath - give arg types
  void exitOncePath();
..\USER\main.c(867): warning:  #177-D: variable "L"  was declared but never referenced
    int longL = strlen(Dirpath), L = 0;
..\USER\main.c(1322): warning:  #940-D: missing return statement at end of non-void function "buttomnewline" 
  }
..\USER\main.c(1369): warning:  #940-D: missing return statement at end of non-void function "insertsetString" 
  }
..\USER\main.c(1432): warning:  #940-D: missing return statement at end of non-void function "insert_rom" 
  }
..\USER\main.c(1444): warning:  #940-D: missing return statement at end of non-void function "endrightstring" 
  }
..\USER\main.c(1457): warning:  #940-D: missing return statement at end of non-void function "endleftstring" 
  }
..\USER\main.c(1473): warning:  #940-D: missing return statement at end of non-void function "midrightstring" 
  }
..\USER\main.c(1487): warning:  #940-D: missing return statement at end of non-void function "midleftstring" 
  }
..\USER\main.c(1501): warning:  #940-D: missing return statement at end of non-void function "copynstr" 
  }
..\USER\main.c(1531): warning:  #940-D: missing return statement at end of non-void function "deleteString" 
  }
..\USER\main.c(1576): warning:  #940-D: missing return statement at end of non-void function "insertString" 
  }
..\USER\main.c(1585): warning:  #940-D: missing return statement at end of non-void function "addstring" 
  }
..\USER\main.c(1595): warning:  #940-D: missing return statement at end of non-void function "addstring2" 
  }
..\USER\main.c(1602): warning:  #940-D: missing return statement at end of non-void function "delstring" 
  }
..\USER\main.c(1611): warning:  #940-D: missing return statement at end of non-void function "delstring2" 
  }
..\USER\main.c(1625): warning:  #940-D: missing return statement at end of non-void function "Enddisplay" 
  }
..\USER\main.c(2895): warning:  #177-D: variable "SPI_InitStructure"  was declared but never referenced
    SPI_InitTypeDef  SPI_InitStructure;
..\USER\main.c(3496): warning:  #1-D: last line of file ends without a newline
  *********************************************************************************************************/
..\USER\main.c: 28 warnings, 0 errors
linking...
Program Size: Code=8560 RO-data=880 RW-data=2416 ZI-data=39968  
FromELF: creating hex file...
".\Obj\Project.axf" - 0 Error(s), 28 Warning(s).
Build Time Elapsed:  00:00:02
</pre>
</body>
</html>
