<html>
<body>
<pre>
<h1>µVision Build Log</h1>
<h2>Tool Versions:</h2>
IDE-Version: µVision V5.25.2.0
Copyright (C) 2018 ARM Ltd and ARM Germany GmbH. All rights reserved.
License Information: John nonphala, Surnaree university of technology, LIC=----
 
Tool Versions:
Toolchain:       MDK-Lite  Version: 5.25.2.0
Toolchain Path:  C:\Keil_v5\ARM\ARMCC\Bin
C Compiler:      Armcc.exe V5.06 update 6 (build 750)
Assembler:       Armasm.exe V5.06 update 6 (build 750)
Linker/Locator:  ArmLink.exe V5.06 update 6 (build 750)
Library Manager: ArmAr.exe V5.06 update 6 (build 750)
Hex Converter:   FromElf.exe V5.06 update 6 (build 750)
CPU DLL:         SARMCM3.DLL V5.25.2.0
Dialog DLL:      DARMSTM.DLL V1.68.0.0
Target DLL:      UL2CM3.DLL V1.160.12.0
Dialog DLL:      TARMSTM.DLL V1.66.0.0
 
<h2>Project:</h2>
D:\BELL_LAB\V5\ADC+DMA\MDK-ARM\Project.uvproj
Project File Date:  06/30/2018

<h2>Output:</h2>
*** Using Compiler 'V5.06 update 6 (build 750)', folder: 'C:\Keil_v5\ARM\ARMCC\Bin'
Build target 'Multi Media Development Board V1.0'
compiling main.c...
..\MDK-ARM\ch376M.h(1): warning:  #1-D: last line of file ends without a newline
  void printfGG();
..\MDK-ARM\ch376M.h(1): warning:  #1295-D: Deprecated declaration printfGG - give arg types
  void printfGG();
..\USER\main.c(284): warning:  #1295-D: Deprecated declaration leftstring - give arg types
  void *leftstring();
..\USER\main.c(285): warning:  #1295-D: Deprecated declaration leftstring2 - give arg types
  void *leftstring2();
..\USER\main.c(286): warning:  #1295-D: Deprecated declaration Enddisplay - give arg types
  void *Enddisplay();
..\USER\main.c(468): warning:  #1295-D: Deprecated declaration exitOncePath - give arg types
  void exitOncePath();
..\USER\main.c(851): warning:  #177-D: variable "L"  was declared but never referenced
    int longL = strlen(Dirpath), L = 0;
..\USER\main.c(1293): warning:  #940-D: missing return statement at end of non-void function "copynstr" 
  }
..\USER\main.c(1324): warning:  #940-D: missing return statement at end of non-void function "deleteString" 
  }
..\USER\main.c(1380): warning:  #940-D: missing return statement at end of non-void function "insertString" 
  }
..\USER\main.c(1394): warning:  #940-D: missing return statement at end of non-void function "addstring" 
  }
..\USER\main.c(1410): warning:  #940-D: missing return statement at end of non-void function "addstring2" 
  }
..\USER\main.c(1423): warning:  #940-D: missing return statement at end of non-void function "delstring" 
  }
..\USER\main.c(1437): warning:  #940-D: missing return statement at end of non-void function "delstring2" 
  }
..\USER\main.c(1451): warning:  #940-D: missing return statement at end of non-void function "leftstring" 
  }
..\USER\main.c(1463): warning:  #940-D: missing return statement at end of non-void function "leftstring2" 
  }
..\USER\main.c(1478): warning:  #940-D: missing return statement at end of non-void function "Enddisplay" 
  }
..\USER\main.c(2712): warning:  #177-D: variable "SPI_InitStructure"  was declared but never referenced
    SPI_InitTypeDef  SPI_InitStructure;
..\USER\main.c: 18 warnings, 0 errors
linking...
Program Size: Code=8044 RO-data=480 RW-data=2416 ZI-data=40000  
FromELF: creating hex file...
".\Obj\Project.axf" - 0 Error(s), 18 Warning(s).
Build Time Elapsed:  00:00:02
</pre>
</body>
</html>
